passenger_count,PUlocationID,DOlocationID,trip_distance,fare_amount,data_timestamp,day_of_month,month,year,day_of_week,hour_of_day,trip_duration
3,231,231,5.5,2.5,2022-07-04 08:29:53.000000 UTC,4,7,2022,2,8,0
1,211,125,5.5,2.5,2022-07-04 15:22:16.000000 UTC,4,7,2022,2,15,0