vendors,year,month,monthly_fare_amount,average_passenger_count,average_trip_distance,monthly_extra_amount,monthly_mta_tax,monthly_tip_amount,monthly_tolls_amount,monthly_improvement_surcharge,monthly_total_amount,monthly_congestion_surcharge,pickup_borough,pickup_zone,dropoff_borough,dropoff_zone,avg_duration_minutes,trip_count,total_duration_hours,busiest_hour_of_day,airport_trip,payment_type
VeriFone Inc.,2023,4,52.0,1.0,0.93000000715255737,0.0,0.5,14.140000343322754,0.0,0.30000001192092896,70.69000244140625,2.5,Manhattan,Upper East Side South,Manhattan,Lincoln Square East,540.56666666666672,1,32434,18,1.25,Credit card