passenger_count,trip_distance,fare_amount,pickup_long,pickup_lat,dropoff_long,dropoff_lat,date,trip_duration,day_of_month,month,year,day_of_week,hour_of_day,geo_distance,pickup_jfk_distance,dropoff_jfk_distance,pickup_ewr_distance,dropoff_ewr_distance,pickup_lga_distance,dropoff_lga_distance
3,0.87999999523162842,4.5,-73.964997476556618,40.756573630395508,-73.969979905930742,40.749123894014922,2022-11-01,2,1,11,2022,3,0,928.62428633193531,20371.247181423132,20187.4464462738,18578.848705612403,17884.494262726341,8113.0115686447125,8776.6254127346783