passenger_count,PUlocationID,DOlocationID,trip_distance,fare_amount,data_timestamp,day_of_month,month,year,day_of_week,hour_of_day,trip_duration,pickup_lat,pickup_long,dropoff_lat,dropoff_long,distance,pickup_jfk_distance,dropoff_jfk_distance,pickup_ewr_distance,dropoff_ewr_distance,pickup_lga_distance,dropoff_lga_distance
4,79,114,1.0099999904632568,8,2022-10-01 00:11:06.000000 UTC,1,10,2022,7,0,10,40.727953830999887,-73.9853151009999,40.728532842999911,-73.997182796499885,1002.1025963382979,19980.667905366976,20888.50204109494,15944.666886463292,14994.478688559386,10962.393334868779,11808.957903869716
1,229,107,1.5499999523162842,8,2022-10-01 00:21:21.000000 UTC,1,10,2022,7,0,9,40.756573630395508,-73.964997476556618,40.737337425999883,-73.984015696499938,2672.4504328931625,20371.247181423132,20419.231936708577,18578.848705612403,16337.381434601457,8113.0115686447125,10380.0398032151